#-----------------------------------------------------------
# Vivado v2021.2 (64-bit)
# SW Build 3367213 on Tue Oct 19 02:47:39 MDT 2021
# IP Build 3369179 on Thu Oct 21 08:25:16 MDT 2021
# Start of session at: Tue May  3 21:13:18 2022
# Process ID: 12962
# Current directory: /home/agustin/Escritorio/Github/QMARL/fpga/QGT_Final/QGT_Final.runs/design_1_QGT_state_fixpt_0_0_synth_1
# Command line: vivado -log design_1_QGT_state_fixpt_0_0.vds -product Vivado -mode batch -messageDb vivado.pb -notrace -source design_1_QGT_state_fixpt_0_0.tcl
# Log file: /home/agustin/Escritorio/Github/QMARL/fpga/QGT_Final/QGT_Final.runs/design_1_QGT_state_fixpt_0_0_synth_1/design_1_QGT_state_fixpt_0_0.vds
# Journal file: /home/agustin/Escritorio/Github/QMARL/fpga/QGT_Final/QGT_Final.runs/design_1_QGT_state_fixpt_0_0_synth_1/vivado.jou
# Running On: agustin-Lenovo-G50-80, OS: Linux, CPU Frequency: 600.000 MHz, CPU Physical cores: 2, Host memory: 12463 MB
#-----------------------------------------------------------
source design_1_QGT_state_fixpt_0_0.tcl -notrace
